BEGIN
SET
SET
SET
SET
CREATE SCHEMA
REVOKE
CREATE TABLE
CREATE TABLE
ALTER TABLE
ALTER TABLE
CREATE FUNCTION
REVOKE
CREATE FUNCTION
CREATE FUNCTION
REVOKE
REVOKE
GRANT
GRANT
CREATE FUNCTION
CREATE FUNCTION
REVOKE
GRANT
SET
SET
CREATE TABLE
ALTER TABLE
REVOKE
CREATE FUNCTION
REVOKE
CREATE FUNCTION
REVOKE
GRANT
SET
SET
CREATE TABLE
ALTER TABLE
REVOKE
CREATE FUNCTION
CREATE FUNCTION
REVOKE
CREATE FUNCTION
REVOKE
GRANT
SET
SET
CREATE FUNCTION
CREATE FUNCTION
CREATE FUNCTION
CREATE FUNCTION
REVOKE
REVOKE
GRANT
NOTIFY
SET
SET
ALTER TABLE
DO
CREATE FUNCTION
CREATE FUNCTION
CREATE FUNCTION
REVOKE
REVOKE
GRANT
NOTIFY
SET
SET
CREATE FUNCTION
REVOKE
CREATE FUNCTION
REVOKE
GRANT
CREATE INDEX
CREATE FUNCTION
REVOKE
CREATE INDEX
CREATE FUNCTION
REVOKE
DO
COMMIT
