BEGIN
SET
SET
DO
CREATE SCHEMA
REVOKE
CREATE TABLE
ALTER TABLE
REVOKE
INSERT 0 1
SET
SET
LOCK TABLE
ALTER TABLE
ALTER TABLE
CREATE TABLE
ALTER TABLE
REVOKE
CREATE FUNCTION
REVOKE
CREATE FUNCTION
REVOKE
CREATE TRIGGER
CREATE TRIGGER
CREATE TRIGGER
COMMENT
COMMENT
SET
SET
CREATE SCHEMA
REVOKE
CREATE FUNCTION
REVOKE
SET
SET
CREATE SCHEMA
REVOKE
CREATE FUNCTION
CREATE FUNCTION
REVOKE
SET
SET
CREATE SCHEMA
REVOKE
GRANT
CREATE FUNCTION
REVOKE
GRANT
SET
SET
CREATE FUNCTION
REVOKE
GRANT
SET
SET
CREATE SCHEMA
REVOKE
CREATE TABLE
REVOKE
ALTER TABLE
INSERT 0 1
CREATE FUNCTION
REVOKE
GRANT
GRANT
SET
SET
CREATE SCHEMA
REVOKE
CREATE TABLE
CREATE TABLE
CREATE INDEX
CREATE TABLE
CREATE TABLE
CREATE TABLE
CREATE INDEX
CREATE FUNCTION
CREATE FUNCTION
CREATE TRIGGER
ALTER TABLE
ALTER TABLE
ALTER TABLE
ALTER TABLE
ALTER TABLE
REVOKE
REVOKE
SET
SET
CREATE SCHEMA
REVOKE
CREATE TABLE
CREATE INDEX
ALTER TABLE
REVOKE
CREATE FUNCTION
CREATE FUNCTION
CREATE FUNCTION
REVOKE
SET
SET
CREATE TABLE
CREATE INDEX
ALTER TABLE
REVOKE
CREATE FUNCTION
CREATE TRIGGER
CREATE FUNCTION
CREATE FUNCTION
REVOKE
SET
SET
CREATE SCHEMA
REVOKE
CREATE TABLE
CREATE INDEX
CREATE FUNCTION
CREATE TRIGGER
CREATE TRIGGER
CREATE FUNCTION
CREATE TRIGGER
CREATE FUNCTION
CREATE FUNCTION
ALTER TABLE
REVOKE
REVOKE
SET
SET
CREATE SCHEMA
REVOKE
CREATE TABLE
CREATE INDEX
CREATE FUNCTION
CREATE TRIGGER
CREATE FUNCTION
CREATE TRIGGER
CREATE FUNCTION
CREATE TRIGGER
CREATE FUNCTION
CREATE FUNCTION
ALTER TABLE
REVOKE
REVOKE
SET
SET
CREATE SCHEMA
REVOKE
CREATE TABLE
CREATE INDEX
CREATE TABLE
CREATE INDEX
CREATE FUNCTION
CREATE TRIGGER
CREATE FUNCTION
CREATE FUNCTION
CREATE FUNCTION
CREATE FUNCTION
CREATE FUNCTION
CREATE FUNCTION
ALTER TABLE
ALTER TABLE
REVOKE
REVOKE
SET
SET
CREATE SCHEMA
REVOKE
CREATE TABLE
CREATE FUNCTION
CREATE FUNCTION
CREATE FUNCTION
CREATE TRIGGER
CREATE FUNCTION
CREATE TRIGGER
CREATE FUNCTION
CREATE TRIGGER
CREATE FUNCTION
CREATE TRIGGER
CREATE FUNCTION
CREATE TRIGGER
CREATE FUNCTION
CREATE TRIGGER
CREATE FUNCTION
CREATE TRIGGER
CREATE FUNCTION
ALTER TABLE
REVOKE
REVOKE
SET
SET
CREATE SCHEMA
REVOKE
CREATE TABLE
CREATE INDEX
CREATE FUNCTION
CREATE TRIGGER
ALTER TABLE
REVOKE
REVOKE
SET
SET
DO
CREATE TABLE
CREATE FUNCTION
CREATE TRIGGER
CREATE TRIGGER
CREATE FUNCTION
CREATE FUNCTION
CREATE FUNCTION
ALTER TABLE
REVOKE
REVOKE
SET
SET
CREATE TABLE
CREATE INDEX
CREATE FUNCTION
CREATE FUNCTION
CREATE FUNCTION
CREATE FUNCTION
ALTER TABLE
REVOKE
REVOKE
CREATE FUNCTION
CREATE FUNCTION
CREATE FUNCTION
CREATE FUNCTION
REVOKE
GRANT
CREATE TABLE
ALTER TABLE
CREATE FUNCTION
CREATE FUNCTION
CREATE TRIGGER
CREATE INDEX
CREATE INDEX
CREATE INDEX
CREATE INDEX
CREATE INDEX
CREATE INDEX
CREATE FUNCTION
CREATE FUNCTION
REVOKE
REVOKE
REVOKE
CREATE TABLE
ALTER TABLE
CREATE FUNCTION
CREATE FUNCTION
CREATE FUNCTION
CREATE TYPE
CREATE FUNCTION
REVOKE
GRANT
REVOKE
REVOKE
REVOKE
GRANT
ALTER TABLE
CREATE FUNCTION
CREATE FUNCTION
CREATE FUNCTION
REVOKE
REVOKE
GRANT
CREATE TABLE
INSERT 0 1
ALTER TABLE
CREATE FUNCTION
CREATE FUNCTION
CREATE FUNCTION
REVOKE
REVOKE
CREATE INDEX
CREATE INDEX
CREATE FUNCTION
REVOKE
CREATE TABLE
INSERT 0 6
ALTER TABLE
REVOKE
CREATE TABLE
ALTER TABLE
REVOKE
CREATE FUNCTION
REVOKE
DO
ALTER TABLE
COMMIT
