
> sandra@0.1.0 test
> vitest run src/lib/coach/precall-setup.test.ts -t preserves explicit blanks


 RUN  v4.1.5 /Users/jarradhenry/Sites/BMH apps/Sandra-coach-precall-setup

 ❯ src/lib/coach/precall-setup.test.ts (12 tests | 1 failed | 11 skipped) 4ms
     ↓ has exactly the approved selector choices, sourced from the script
     ↓ defaults Mel without substituting motivation for desired outcome
     ↓ keeps trusted file identity separate from spoken name and forbidden draft values
     ↓ does not invent a suffix for null
     ↓ does not invent a suffix for 
     ↓ does not invent a suffix for abc
     ↓ does not invent a suffix for abc-12
     × preserves explicit blanks over automatic values 4ms
     ↓ uses full desired outcome independently of motivation
     ↓ rejects stale versions, corrupt values and nonexistent branches
     ↓ partitions rep, lead and manual drafts independently
     ↓ does not infer occupancy and keeps later stages unset

 Test Files  1 failed (1)
      Tests  1 failed | 11 skipped (12)
   Start at  08:02:23
   Duration  150ms (transform 55ms, setup 0ms, import 73ms, tests 4ms, environment 0ms)

(node:15643) [DEP0205] DeprecationWarning: `module.register()` is deprecated. Use `module.registerHooks()` instead.
(Use `node --trace-deprecation ...` to show where the warning was created)

⎯⎯⎯⎯⎯⎯⎯ Failed Tests 1 ⎯⎯⎯⎯⎯⎯⎯

 FAIL  src/lib/coach/precall-setup.test.ts > pre-call contract > preserves explicit blanks over automatic values
AssertionError: expected false to be true // Object.is equality

- Expected
+ Received

- true
+ false

 ❯ src/lib/coach/precall-setup.test.ts:95:41
     93|       "cold_caller_name",
     94|     ] as const)
     95|       expect(tokens[key].isPlaceholder).toBe(true);
       |                                         ^
     96|   });
     97|   it("uses full desired outcome independently of motivation", () => {

⎯⎯⎯⎯⎯⎯⎯⎯⎯⎯⎯⎯⎯⎯⎯⎯⎯⎯⎯⎯⎯⎯⎯⎯[1/1]⎯

